
> daarusuffa1@0.0.0 build
> vite build

[36mvite v5.4.21 [32mbuilding for production...[36m[39m
transforming...
[32mΓ£ô[39m 31 modules transformed.
x Build failed in 494ms
error during build:
src/data/programsData.js (72:29): Expression expected
file: C:/Users/Admin/Downloads/daarusuffa1/src/data/programsData.js:72:29

70: export const getIcon = (iconName) => {
71:     switch (iconName) {
72:         case 'Heart': return <Heart size={48} />;
                                 ^
73:         case 'TrendingUp': return <TrendingUp size={48} />;
74:         case 'Star': return <Star size={48} />;

    at getRollupError (file:///C:/Users/Admin/Downloads/daarusuffa1/node_modules/rollup/dist/es/shared/parseAst.js:401:41)
    at ParseError.initialise (file:///C:/Users/Admin/Downloads/daarusuffa1/node_modules/rollup/dist/es/shared/node-entry.js:14534:28)
    at convertNode (file:///C:/Users/Admin/Downloads/daarusuffa1/node_modules/rollup/dist/es/shared/node-entry.js:16418:10)
    at convertProgram (file:///C:/Users/Admin/Downloads/daarusuffa1/node_modules/rollup/dist/es/shared/node-entry.js:15658:12)
    at Module.setSource (file:///C:/Users/Admin/Downloads/daarusuffa1/node_modules/rollup/dist/es/shared/node-entry.js:17418:24)
    at async ModuleLoader.addModuleSource (file:///C:/Users/Admin/Downloads/daarusuffa1/node_modules/rollup/dist/es/shared/node-entry.js:21497:13)
